[
  {
    "url": "https://api.github.com/repos/dani8art/grunt-release-github/issues/10",
    "repository_url": "https://api.github.com/repos/dani8art/grunt-release-github",
    "labels_url": "https://api.github.com/repos/dani8art/grunt-release-github/issues/10/labels{/name}",
    "comments_url": "https://api.github.com/repos/dani8art/grunt-release-github/issues/10/comments",
    "events_url": "https://api.github.com/repos/dani8art/grunt-release-github/issues/10/events",
    "html_url": "https://github.com/dani8art/grunt-release-github/issues/10",
    "id": 202090650,
    "number": 10,
    "title": "Issue for testing module 03",
    "user": {
      "login": "dani8art",
      "id": 4376304,
      "avatar_url": "https://avatars.githubusercontent.com/u/4376304?v=3",
      "gravatar_id": "",
      "url": "https://api.github.com/users/dani8art",
      "html_url": "https://github.com/dani8art",
      "followers_url": "https://api.github.com/users/dani8art/followers",
      "following_url": "https://api.github.com/users/dani8art/following{/other_user}",
      "gists_url": "https://api.github.com/users/dani8art/gists{/gist_id}",
      "starred_url": "https://api.github.com/users/dani8art/starred{/owner}{/repo}",
      "subscriptions_url": "https://api.github.com/users/dani8art/subscriptions",
      "organizations_url": "https://api.github.com/users/dani8art/orgs",
      "repos_url": "https://api.github.com/users/dani8art/repos",
      "events_url": "https://api.github.com/users/dani8art/events{/privacy}",
      "received_events_url": "https://api.github.com/users/dani8art/received_events",
      "type": "User",
      "site_admin": false
    },
    "labels": [],
    "state": "open",
    "locked": false,
    "assignee": null,
    "assignees": [],
    "milestone": {
      "url": "https://api.github.com/repos/dani8art/grunt-release-github/milestones/2",
      "html_url": "https://github.com/dani8art/grunt-release-github/milestone/2",
      "labels_url": "https://api.github.com/repos/dani8art/grunt-release-github/milestones/2/labels",
      "id": 2266579,
      "number": 2,
      "title": "v0.0.0",
      "description": "Milestone for testing module.",
      "creator": {
        "login": "dani8art",
        "id": 4376304,
        "avatar_url": "https://avatars.githubusercontent.com/u/4376304?v=3",
        "gravatar_id": "",
        "url": "https://api.github.com/users/dani8art",
        "html_url": "https://github.com/dani8art",
        "followers_url": "https://api.github.com/users/dani8art/followers",
        "following_url": "https://api.github.com/users/dani8art/following{/other_user}",
        "gists_url": "https://api.github.com/users/dani8art/gists{/gist_id}",
        "starred_url": "https://api.github.com/users/dani8art/starred{/owner}{/repo}",
        "subscriptions_url": "https://api.github.com/users/dani8art/subscriptions",
        "organizations_url": "https://api.github.com/users/dani8art/orgs",
        "repos_url": "https://api.github.com/users/dani8art/repos",
        "events_url": "https://api.github.com/users/dani8art/events{/privacy}",
        "received_events_url": "https://api.github.com/users/dani8art/received_events",
        "type": "User",
        "site_admin": false
      },
      "open_issues": 1,
      "closed_issues": 2,
      "state": "open",
      "created_at": "2017-01-20T09:18:57Z",
      "updated_at": "2017-01-20T09:20:26Z",
      "due_on": "2018-01-31T08:00:00Z",
      "closed_at": null
    },
    "comments": 0,
    "created_at": "2017-01-20T09:20:26Z",
    "updated_at": "2017-01-20T09:20:26Z",
    "closed_at": null,
    "body": ""
  },
  {
    "url": "https://api.github.com/repos/dani8art/grunt-release-github/issues/9",
    "repository_url": "https://api.github.com/repos/dani8art/grunt-release-github",
    "labels_url": "https://api.github.com/repos/dani8art/grunt-release-github/issues/9/labels{/name}",
    "comments_url": "https://api.github.com/repos/dani8art/grunt-release-github/issues/9/comments",
    "events_url": "https://api.github.com/repos/dani8art/grunt-release-github/issues/9/events",
    "html_url": "https://github.com/dani8art/grunt-release-github/issues/9",
    "id": 202090588,
    "number": 9,
    "title": "Issue for testing module 02",
    "user": {
      "login": "dani8art",
      "id": 4376304,
      "avatar_url": "https://avatars.githubusercontent.com/u/4376304?v=3",
      "gravatar_id": "",
      "url": "https://api.github.com/users/dani8art",
      "html_url": "https://github.com/dani8art",
      "followers_url": "https://api.github.com/users/dani8art/followers",
      "following_url": "https://api.github.com/users/dani8art/following{/other_user}",
      "gists_url": "https://api.github.com/users/dani8art/gists{/gist_id}",
      "starred_url": "https://api.github.com/users/dani8art/starred{/owner}{/repo}",
      "subscriptions_url": "https://api.github.com/users/dani8art/subscriptions",
      "organizations_url": "https://api.github.com/users/dani8art/orgs",
      "repos_url": "https://api.github.com/users/dani8art/repos",
      "events_url": "https://api.github.com/users/dani8art/events{/privacy}",
      "received_events_url": "https://api.github.com/users/dani8art/received_events",
      "type": "User",
      "site_admin": false
    },
    "labels": [],
    "state": "closed",
    "locked": false,
    "assignee": null,
    "assignees": [],
    "milestone": {
      "url": "https://api.github.com/repos/dani8art/grunt-release-github/milestones/2",
      "html_url": "https://github.com/dani8art/grunt-release-github/milestone/2",
      "labels_url": "https://api.github.com/repos/dani8art/grunt-release-github/milestones/2/labels",
      "id": 2266579,
      "number": 2,
      "title": "v0.0.0",
      "description": "Milestone for testing module.",
      "creator": {
        "login": "dani8art",
        "id": 4376304,
        "avatar_url": "https://avatars.githubusercontent.com/u/4376304?v=3",
        "gravatar_id": "",
        "url": "https://api.github.com/users/dani8art",
        "html_url": "https://github.com/dani8art",
        "followers_url": "https://api.github.com/users/dani8art/followers",
        "following_url": "https://api.github.com/users/dani8art/following{/other_user}",
        "gists_url": "https://api.github.com/users/dani8art/gists{/gist_id}",
        "starred_url": "https://api.github.com/users/dani8art/starred{/owner}{/repo}",
        "subscriptions_url": "https://api.github.com/users/dani8art/subscriptions",
        "organizations_url": "https://api.github.com/users/dani8art/orgs",
        "repos_url": "https://api.github.com/users/dani8art/repos",
        "events_url": "https://api.github.com/users/dani8art/events{/privacy}",
        "received_events_url": "https://api.github.com/users/dani8art/received_events",
        "type": "User",
        "site_admin": false
      },
      "open_issues": 1,
      "closed_issues": 2,
      "state": "open",
      "created_at": "2017-01-20T09:18:57Z",
      "updated_at": "2017-01-20T09:20:26Z",
      "due_on": "2018-01-31T08:00:00Z",
      "closed_at": null
    },
    "comments": 0,
    "created_at": "2017-01-20T09:20:04Z",
    "updated_at": "2017-01-20T09:20:10Z",
    "closed_at": "2017-01-20T09:20:10Z",
    "body": ""
  },
  {
    "url": "https://api.github.com/repos/dani8art/grunt-release-github/issues/8",
    "repository_url": "https://api.github.com/repos/dani8art/grunt-release-github",
    "labels_url": "https://api.github.com/repos/dani8art/grunt-release-github/issues/8/labels{/name}",
    "comments_url": "https://api.github.com/repos/dani8art/grunt-release-github/issues/8/comments",
    "events_url": "https://api.github.com/repos/dani8art/grunt-release-github/issues/8/events",
    "html_url": "https://github.com/dani8art/grunt-release-github/issues/8",
    "id": 202090493,
    "number": 8,
    "title": "Issue for testing module 01",
    "user": {
      "login": "dani8art",
      "id": 4376304,
      "avatar_url": "https://avatars.githubusercontent.com/u/4376304?v=3",
      "gravatar_id": "",
      "url": "https://api.github.com/users/dani8art",
      "html_url": "https://github.com/dani8art",
      "followers_url": "https://api.github.com/users/dani8art/followers",
      "following_url": "https://api.github.com/users/dani8art/following{/other_user}",
      "gists_url": "https://api.github.com/users/dani8art/gists{/gist_id}",
      "starred_url": "https://api.github.com/users/dani8art/starred{/owner}{/repo}",
      "subscriptions_url": "https://api.github.com/users/dani8art/subscriptions",
      "organizations_url": "https://api.github.com/users/dani8art/orgs",
      "repos_url": "https://api.github.com/users/dani8art/repos",
      "events_url": "https://api.github.com/users/dani8art/events{/privacy}",
      "received_events_url": "https://api.github.com/users/dani8art/received_events",
      "type": "User",
      "site_admin": false
    },
    "labels": [],
    "state": "closed",
    "locked": false,
    "assignee": null,
    "assignees": [],
    "milestone": {
      "url": "https://api.github.com/repos/dani8art/grunt-release-github/milestones/2",
      "html_url": "https://github.com/dani8art/grunt-release-github/milestone/2",
      "labels_url": "https://api.github.com/repos/dani8art/grunt-release-github/milestones/2/labels",
      "id": 2266579,
      "number": 2,
      "title": "v0.0.0",
      "description": "Milestone for testing module.",
      "creator": {
        "login": "dani8art",
        "id": 4376304,
        "avatar_url": "https://avatars.githubusercontent.com/u/4376304?v=3",
        "gravatar_id": "",
        "url": "https://api.github.com/users/dani8art",
        "html_url": "https://github.com/dani8art",
        "followers_url": "https://api.github.com/users/dani8art/followers",
        "following_url": "https://api.github.com/users/dani8art/following{/other_user}",
        "gists_url": "https://api.github.com/users/dani8art/gists{/gist_id}",
        "starred_url": "https://api.github.com/users/dani8art/starred{/owner}{/repo}",
        "subscriptions_url": "https://api.github.com/users/dani8art/subscriptions",
        "organizations_url": "https://api.github.com/users/dani8art/orgs",
        "repos_url": "https://api.github.com/users/dani8art/repos",
        "events_url": "https://api.github.com/users/dani8art/events{/privacy}",
        "received_events_url": "https://api.github.com/users/dani8art/received_events",
        "type": "User",
        "site_admin": false
      },
      "open_issues": 1,
      "closed_issues": 2,
      "state": "open",
      "created_at": "2017-01-20T09:18:57Z",
      "updated_at": "2017-01-20T09:20:26Z",
      "due_on": "2018-01-31T08:00:00Z",
      "closed_at": null
    },
    "comments": 0,
    "created_at": "2017-01-20T09:19:39Z",
    "updated_at": "2017-01-20T09:19:50Z",
    "closed_at": "2017-01-20T09:19:50Z",
    "body": ""
  }
]