[
  {
    "url": "https://api.github.com/repos/dani8art/grunt-release-github/milestones/1",
    "html_url": "https://github.com/dani8art/grunt-release-github/milestone/1",
    "labels_url": "https://api.github.com/repos/dani8art/grunt-release-github/milestones/1/labels",
    "id": 2263876,
    "number": 1,
    "title": "v0.0.5",
    "description": "First stable version of new npm module \"grunt-release-github\"",
    "creator": {
      "login": "dani8art",
      "id": 4376304,
      "avatar_url": "https://avatars.githubusercontent.com/u/4376304?v=3",
      "gravatar_id": "",
      "url": "https://api.github.com/users/dani8art",
      "html_url": "https://github.com/dani8art",
      "followers_url": "https://api.github.com/users/dani8art/followers",
      "following_url": "https://api.github.com/users/dani8art/following{/other_user}",
      "gists_url": "https://api.github.com/users/dani8art/gists{/gist_id}",
      "starred_url": "https://api.github.com/users/dani8art/starred{/owner}{/repo}",
      "subscriptions_url": "https://api.github.com/users/dani8art/subscriptions",
      "organizations_url": "https://api.github.com/users/dani8art/orgs",
      "repos_url": "https://api.github.com/users/dani8art/repos",
      "events_url": "https://api.github.com/users/dani8art/events{/privacy}",
      "received_events_url": "https://api.github.com/users/dani8art/received_events",
      "type": "User",
      "site_admin": false
    },
    "open_issues": 2,
    "closed_issues": 4,
    "state": "open",
    "created_at": "2017-01-19T12:03:06Z",
    "updated_at": "2017-01-20T10:49:36Z",
    "due_on": "2017-01-22T08:00:00Z",
    "closed_at": null
  },
  {
    "url": "https://api.github.com/repos/dani8art/grunt-release-github/milestones/2",
    "html_url": "https://github.com/dani8art/grunt-release-github/milestone/2",
    "labels_url": "https://api.github.com/repos/dani8art/grunt-release-github/milestones/2/labels",
    "id": 2266579,
    "number": 2,
    "title": "v0.0.0",
    "description": "Milestone for testing module.",
    "creator": {
      "login": "dani8art",
      "id": 4376304,
      "avatar_url": "https://avatars.githubusercontent.com/u/4376304?v=3",
      "gravatar_id": "",
      "url": "https://api.github.com/users/dani8art",
      "html_url": "https://github.com/dani8art",
      "followers_url": "https://api.github.com/users/dani8art/followers",
      "following_url": "https://api.github.com/users/dani8art/following{/other_user}",
      "gists_url": "https://api.github.com/users/dani8art/gists{/gist_id}",
      "starred_url": "https://api.github.com/users/dani8art/starred{/owner}{/repo}",
      "subscriptions_url": "https://api.github.com/users/dani8art/subscriptions",
      "organizations_url": "https://api.github.com/users/dani8art/orgs",
      "repos_url": "https://api.github.com/users/dani8art/repos",
      "events_url": "https://api.github.com/users/dani8art/events{/privacy}",
      "received_events_url": "https://api.github.com/users/dani8art/received_events",
      "type": "User",
      "site_admin": false
    },
    "open_issues": 1,
    "closed_issues": 2,
    "state": "open",
    "created_at": "2017-01-20T09:18:57Z",
    "updated_at": "2017-01-20T09:20:26Z",
    "due_on": "2018-01-31T08:00:00Z",
    "closed_at": null
  }
]